../Core/Inc/digital_block.h:16:6:op_true	16	static
../Core/Inc/digital_block.h:20:6:op_false	16	static
../Core/Inc/digital_block.h:24:6:op_and	16	static
../Core/Inc/digital_block.h:28:6:op_or	16	static
../Core/Inc/digital_block.h:32:6:op_nota	16	static
../Core/Inc/digital_block.h:36:6:op_notb	16	static
../Core/Inc/digital_block.h:40:6:op_nand	16	static
../Core/Inc/digital_block.h:44:6:op_nor	16	static
../Core/Inc/digital_block.h:48:6:op_xor	16	static
../Core/Inc/digital_block.h:52:6:op_eq	16	static
../Core/Inc/digital_block.h:56:6:op_a	16	static
../Core/Inc/digital_block.h:60:6:op_b	16	static
../Core/Src/main.c:85:6:HAL_IRDA_RxCpltCallback	16	static
../Core/Src/main.c:104:6:transmit	16	static
../Core/Src/main.c:112:6:process	24	static
../Core/Src/main.c:161:6:HAL_TIM_PeriodElapsedCallback	16	static
../Core/Src/main.c:169:6:Button_ShortRelease	16	static
../Core/Src/main.c:189:6:Button_LongPress	16	static
../Core/Src/main.c:192:6:Button_LongRelease	16	static
../Core/Src/main.c:195:6:write_mode	32	static
../Core/Src/main.c:238:9:ReadSwitch	16	static
../Core/Src/main.c:247:5:main	128	static
../Core/Src/main.c:380:6:SystemClock_Config	120	static
../Core/Src/main.c:437:13:MX_GPDMA1_Init	16	static
../Core/Src/main.c:465:13:MX_GPDMA2_Init	16	static
../Core/Src/main.c:493:13:MX_MEMORYMAP_Init	4	static
../Core/Src/main.c:514:13:MX_SPI1_Init	8	static
../Core/Src/main.c:562:13:MX_TIM1_Init	40	static
../Core/Src/main.c:609:13:MX_TIM2_Init	40	static
../Core/Src/main.c:654:13:MX_USART1_IRDA_Init	8	static
../Core/Src/main.c:687:13:MX_USART2_IRDA_Init	8	static
../Core/Src/main.c:720:13:MX_USART3_IRDA_Init	8	static
../Core/Src/main.c:752:13:MX_GPIO_Init	48	static
../Core/Src/main.c:801:5:_write	24	static
../Core/Src/main.c:812:6:Error_Handler	4	static,ignoring_inline_asm
