../Core/Src/st7735.c:88:13:ST7735_Select	8	static
../Core/Src/st7735.c:92:6:ST7735_Unselect	8	static
../Core/Src/st7735.c:96:13:ST7735_Reset	8	static
../Core/Src/st7735.c:102:13:ST7735_WriteCommand	16	static
../Core/Src/st7735.c:108:13:ST7735_WriteData	16	static
../Core/Src/st7735.c:114:13:ST7735_WriteCommand_Sync	16	static
../Core/Src/st7735.c:119:13:ST7735_WriteData_Sync	16	static
../Core/Src/st7735.c:125:13:ST7735_ExecuteCommandList	24	static
../Core/Src/st7735.c:150:13:ST7735_SetAddressWindow	32	static
../Core/Src/st7735.c:166:6:ST7735_Init	8	static
../Core/Src/st7735.c:175:6:ST7735_DrawPixel	24	static
../Core/Src/st7735.c:188:13:ST7735_WriteChar	48	static
../Core/Src/st7735.c:224:6:ST7735_WriteString	32	static
../Core/Src/st7735.c:250:6:ST7735_FillRectangle	32	static
../Core/Src/st7735.c:270:6:ST7735_FillRectangleFast	32	static
../Core/Src/st7735.c:293:6:ST7735_FillScreen	24	static
../Core/Src/st7735.c:297:6:ST7735_FillScreenFast	24	static
../Core/Src/st7735.c:301:6:ST7735_DrawImage	24	static
../Core/Src/st7735.c:312:6:ST7735_InvertColors	16	static
../Core/Src/st7735.c:318:6:ST7735_SetGamma	16	static
